[1.250s] Invoking command in '/home/ali/grasp_ws/build/grasp_simulation_control': NX_CONNECTION=138.246.3.10 51344 10.172.0.2 4000 PYTHONPATH=/home/ali/grasp_ws/build/grasp_simulation_control/prefix_override:/usr/lib/python3/dist-packages/colcon_core/task/python/colcon_distutils_commands:/home/ali/grasp_ws/install/grasp_simulation_control/lib/python3.10/site-packages:${PYTHONPATH} /usr/bin/python3 -W ignore:setup.py install is deprecated -W ignore:easy_install command is deprecated setup.py develop --editable --build-directory /home/ali/grasp_ws/build/grasp_simulation_control/build --no-deps symlink_data --force
[1.723s] running develop
[2.016s] running egg_info
[2.017s] writing grasp_simulation_control.egg-info/PKG-INFO
[2.017s] writing dependency_links to grasp_simulation_control.egg-info/dependency_links.txt
[2.018s] writing entry points to grasp_simulation_control.egg-info/entry_points.txt
[2.018s] writing requirements to grasp_simulation_control.egg-info/requires.txt
[2.018s] writing top-level names to grasp_simulation_control.egg-info/top_level.txt
[2.022s] reading manifest file 'grasp_simulation_control.egg-info/SOURCES.txt'
[2.024s] writing manifest file 'grasp_simulation_control.egg-info/SOURCES.txt'
[2.026s] running build_ext
[2.027s] Creating /home/ali/grasp_ws/install/grasp_simulation_control/lib/python3.10/site-packages/grasp-simulation-control.egg-link (link to .)
[2.029s] Installing grasp_simulation_node.py script to /home/ali/grasp_ws/install/grasp_simulation_control/lib/grasp_simulation_control
[2.029s] Installing run_complete_simulation script to /home/ali/grasp_ws/install/grasp_simulation_control/lib/grasp_simulation_control
[2.029s] 
[2.029s] Installed /home/ali/grasp_ws/build/grasp_simulation_control
[2.029s] running symlink_data
[2.030s] symbolically linking /home/ali/grasp_ws/build/grasp_simulation_control/resource/grasp_simulation_control -> /home/ali/grasp_ws/install/grasp_simulation_control/share/ament_index/resource_index/packages
[2.030s] symbolically linking /home/ali/grasp_ws/build/grasp_simulation_control/package.xml -> /home/ali/grasp_ws/install/grasp_simulation_control/share/grasp_simulation_control
[2.030s] symbolically linking /home/ali/grasp_ws/build/grasp_simulation_control/launch/grasp_simulation.launch.py -> /home/ali/grasp_ws/install/grasp_simulation_control/share/grasp_simulation_control/launch
[2.031s] symbolically linking /home/ali/grasp_ws/build/grasp_simulation_control/models/allegro_hand/allegro_hand.png -> /home/ali/grasp_ws/install/grasp_simulation_control/share/grasp_simulation_control/models/allegro_hand
[2.031s] symbolically linking /home/ali/grasp_ws/build/grasp_simulation_control/models/allegro_hand/left_hand.xml -> /home/ali/grasp_ws/install/grasp_simulation_control/share/grasp_simulation_control/models/allegro_hand
[2.031s] symbolically linking /home/ali/grasp_ws/build/grasp_simulation_control/models/allegro_hand/scene_grasp.xml -> /home/ali/grasp_ws/install/grasp_simulation_control/share/grasp_simulation_control/models/allegro_hand
[2.031s] symbolically linking /home/ali/grasp_ws/build/grasp_simulation_control/models/allegro_hand/scene_right.xml -> /home/ali/grasp_ws/install/grasp_simulation_control/share/grasp_simulation_control/models/allegro_hand
[2.031s] error: [Errno 2] No such file or directory: '/home/ali/grasp_ws/install/grasp_simulation_control/share/grasp_simulation_control/models/allegro_hand/LICENSE'
[2.093s] Invoked command in '/home/ali/grasp_ws/build/grasp_simulation_control' returned '1': NX_CONNECTION=138.246.3.10 51344 10.172.0.2 4000 PYTHONPATH=/home/ali/grasp_ws/build/grasp_simulation_control/prefix_override:/usr/lib/python3/dist-packages/colcon_core/task/python/colcon_distutils_commands:/home/ali/grasp_ws/install/grasp_simulation_control/lib/python3.10/site-packages:${PYTHONPATH} /usr/bin/python3 -W ignore:setup.py install is deprecated -W ignore:easy_install command is deprecated setup.py develop --editable --build-directory /home/ali/grasp_ws/build/grasp_simulation_control/build --no-deps symlink_data --force
