[1.207s] Invoking command in '/home/ali/grasp_ws/src/grasp_simulation_control': NX_CONNECTION=138.246.3.10 51344 10.172.0.2 4000 PYTHONPATH=/home/ali/grasp_ws/build/grasp_simulation_control/prefix_override:/usr/lib/python3/dist-packages/colcon_core/task/python/colcon_distutils_commands:/home/ali/grasp_ws/install/grasp_simulation_control/lib/python3.10/site-packages:${PYTHONPATH} /usr/bin/python3 -W ignore:setup.py install is deprecated -W ignore:easy_install command is deprecated setup.py egg_info --egg-base ../../build/grasp_simulation_control build --build-base /home/ali/grasp_ws/build/grasp_simulation_control/build install --record /home/ali/grasp_ws/build/grasp_simulation_control/install.log --single-version-externally-managed install_data
[1.650s] running egg_info
[1.651s] writing ../../build/grasp_simulation_control/grasp_simulation_control.egg-info/PKG-INFO
[1.651s] writing dependency_links to ../../build/grasp_simulation_control/grasp_simulation_control.egg-info/dependency_links.txt
[1.652s] writing entry points to ../../build/grasp_simulation_control/grasp_simulation_control.egg-info/entry_points.txt
[1.652s] writing requirements to ../../build/grasp_simulation_control/grasp_simulation_control.egg-info/requires.txt
[1.652s] writing top-level names to ../../build/grasp_simulation_control/grasp_simulation_control.egg-info/top_level.txt
[1.657s] reading manifest file '../../build/grasp_simulation_control/grasp_simulation_control.egg-info/SOURCES.txt'
[1.660s] writing manifest file '../../build/grasp_simulation_control/grasp_simulation_control.egg-info/SOURCES.txt'
[1.661s] running build
[1.661s] running build_py
[1.662s] running install
[1.665s] running install_lib
[1.666s] running install_data
[1.668s] copying launch/grasp_simulation.launch.py -> /home/ali/grasp_ws/install/grasp_simulation_control/share/grasp_simulation_control/launch
[1.668s] running install_egg_info
[1.672s] removing '/home/ali/grasp_ws/install/grasp_simulation_control/lib/python3.10/site-packages/grasp_simulation_control-0.1.0-py3.10.egg-info' (and everything under it)
[1.673s] Copying ../../build/grasp_simulation_control/grasp_simulation_control.egg-info to /home/ali/grasp_ws/install/grasp_simulation_control/lib/python3.10/site-packages/grasp_simulation_control-0.1.0-py3.10.egg-info
[1.676s] running install_scripts
[1.713s] Installing grasp_simulation_node script to /home/ali/grasp_ws/install/grasp_simulation_control/lib/grasp_simulation_control
[1.713s] Installing run_simulation script to /home/ali/grasp_ws/install/grasp_simulation_control/lib/grasp_simulation_control
[1.714s] writing list of installed files to '/home/ali/grasp_ws/build/grasp_simulation_control/install.log'
[1.771s] Invoked command in '/home/ali/grasp_ws/src/grasp_simulation_control' returned '0': NX_CONNECTION=138.246.3.10 51344 10.172.0.2 4000 PYTHONPATH=/home/ali/grasp_ws/build/grasp_simulation_control/prefix_override:/usr/lib/python3/dist-packages/colcon_core/task/python/colcon_distutils_commands:/home/ali/grasp_ws/install/grasp_simulation_control/lib/python3.10/site-packages:${PYTHONPATH} /usr/bin/python3 -W ignore:setup.py install is deprecated -W ignore:easy_install command is deprecated setup.py egg_info --egg-base ../../build/grasp_simulation_control build --build-base /home/ali/grasp_ws/build/grasp_simulation_control/build install --record /home/ali/grasp_ws/build/grasp_simulation_control/install.log --single-version-externally-managed install_data
